// Vitest Snapshot v1

exports[`mount component 1`] = `
<div
  class="headline"
  data-v-82f5b7be=""
  subheadline="Ã¡B"
>
  <div
    class="headline__primary"
    data-v-82f5b7be=""
  >
    <div
      class="divider"
      data-v-82f5b7be=""
    />
    <span
      data-v-82f5b7be=""
    >
      aabc
    </span>
  </div>
  
  <p
    class="headline__secondary"
    data-v-82f5b7be=""
  />
  
</div>
`;
